******************************************************************************
                  TI ARM Linker PC v20.2.5                     
******************************************************************************
>> Linked Mon Apr 24 16:07:25 2023

OUTPUT FILE NAME:   <MicroProject.out>
ENTRY POINT SYMBOL: "_c_int00_noargs"  address: 00000c69


MEMORY CONFIGURATION

         name            origin    length      used     unused   attr    fill
----------------------  --------  ---------  --------  --------  ----  --------
  MAIN                  00000000   00040000  00000d04  0003f2fc  R  X
  INFO                  00200000   00004000  00000000  00004000  R  X
  SRAM_CODE             01000000   00010000  0000021d  0000fde3  RW X
  SRAM_DATA             20000000   00010000  0000021d  0000fde3  RW  


SEGMENT ALLOCATION MAP

run origin  load origin   length   init length attrs members
----------  ----------- ---------- ----------- ----- -------
00000000    00000000    00000d08   00000d08    r-x
  00000000    00000000    000000e4   000000e4    r-- .intvecs
  000000e4    000000e4    00000c00   00000c00    r-x .text
  00000ce8    00000ce8    00000020   00000020    r-- .cinit
20000000    20000000    0000001d   00000000    rw-
  20000000    20000000    0000001d   00000000    rw- .data
2000fe00    2000fe00    00000200   00000000    rw-
  2000fe00    2000fe00    00000200   00000000    rw- .stack


SECTION ALLOCATION MAP

 output                                  attributes/
section   page    origin      length       input sections
--------  ----  ----------  ----------   ----------------
.intvecs   0    00000000    000000e4     
                  00000000    000000e4     startup_msp432p401r_ccs.obj (.intvecs:retain)

.text      0    000000e4    00000c00     
                  000000e4    00000334     system_msp432p401r.obj (.text)
                  00000418    0000024c     SERVO.obj (.text)
                  00000664    000001e0     Clock.obj (.text)
                  00000844    000001e0     main.obj (.text)
                  00000a24    000000fc     Init_Ports.obj (.text)
                  00000b20    0000009c     rtsv7M4_T_le_v4SPD16_eabi.lib : memcpy_t2.asm.obj (.text)
                  00000bbc    00000068                                   : copy_decompress_lzss.c.obj (.text:decompress:lzss:__TI_decompress_lzss)
                  00000c24    00000044                                   : autoinit.c.obj (.text:__TI_auto_init_nobinit_nopinit:__TI_auto_init_nobinit_nopinit)
                  00000c68    00000034                                   : boot_cortex_m.c.obj (.text:_c_int00_noargs:_c_int00_noargs)
                  00000c9c    00000024     CortexM.obj (.text)
                  00000cc0    0000000e     rtsv7M4_T_le_v4SPD16_eabi.lib : copy_decompress_none.c.obj (.text:decompress:none:__TI_decompress_none)
                  00000cce    0000000e     startup_msp432p401r_ccs.obj (.text)
                  00000cdc    00000004     rtsv7M4_T_le_v4SPD16_eabi.lib : pre_init.c.obj (.text:_system_pre_init)
                  00000ce0    00000004                                   : exit.c.obj (.text:abort:abort)

.cinit     0    00000ce8    00000020     
                  00000ce8    0000000d     (.cinit..data.load) [load image, compression = lzss]
                  00000cf5    00000003     --HOLE-- [fill = 0]
                  00000cf8    00000008     (__TI_handler_table)
                  00000d00    00000008     (__TI_cinit_table)

.init_array 
*          0    00000000    00000000     UNINITIALIZED

.binit     0    00000000    00000000     

.data      0    20000000    0000001d     UNINITIALIZED
                  20000000    00000018     Clock.obj (.data)
                  20000018    00000004     system_msp432p401r.obj (.data)
                  2000001c    00000001     main.obj (.data)

.stack     0    2000fe00    00000200     UNINITIALIZED
                  2000fe00    00000004     rtsv7M4_T_le_v4SPD16_eabi.lib : boot_cortex_m.c.obj (.stack)
                  2000fe04    000001fc     --HOLE--

__llvm_prf_cnts 
*          0    20000000    00000000     UNINITIALIZED

MODULE SUMMARY

       Module                        code   ro data   rw data
       ------                        ----   -------   -------
    .\
       system_msp432p401r.obj        820    0         8      
       SERVO.obj                     588    0         0      
       Clock.obj                     480    0         48     
       main.obj                      480    0         2      
       Init_Ports.obj                252    0         0      
       startup_msp432p401r_ccs.obj   14     228       0      
       CortexM.obj                   36     0         0      
    +--+-----------------------------+------+---------+---------+
       Total:                        2670   228       58     
                                                             
    C:\ti\ccs1110\ccs\tools\compiler\ti-cgt-arm_20.2.5.LTS\lib\rtsv7M4_T_le_v4SPD16_eabi.lib
       memcpy_t2.asm.obj             156    0         0      
       copy_decompress_lzss.c.obj    104    0         0      
       autoinit.c.obj                68     0         0      
       boot_cortex_m.c.obj           52     0         0      
       copy_decompress_none.c.obj    14     0         0      
       exit.c.obj                    4      0         0      
       pre_init.c.obj                4      0         0      
    +--+-----------------------------+------+---------+---------+
       Total:                        402    0         0      
                                                             
       Stack:                        0      0         1024   
       Linker Generated:             0      29        0      
    +--+-----------------------------+------+---------+---------+
       Grand Total:                  3072   257       1082   


LINKER GENERATED COPY TABLES

__TI_cinit_table @ 00000d00 records: 1, size/record: 8, table size: 8
	.data: load addr=00000ce8, load size=0000000d bytes, run addr=20000000, run size=0000001d bytes, compression=lzss


LINKER GENERATED HANDLER TABLE

__TI_handler_table @ 00000cf8 records: 2, size/record: 4, table size: 8
	index: 0, handler: __TI_decompress_lzss
	index: 1, handler: __TI_decompress_none


GLOBAL SYMBOLS: SORTED ALPHABETICALLY BY Name 

address   name                          
-------   ----                          
00000cdb  ADC14_IRQHandler              
00000cdb  AES256_IRQHandler             
00000cdb  BusFault_Handler              
00000ce1  C$$EXIT                       
00000cdb  COMP_E0_IRQHandler            
00000cdb  COMP_E1_IRQHandler            
20000008  CPMwait                       
00000cdb  CS_IRQHandler                 
20000000  ClockFrequency                
000007b9  Clock_Delay1ms                
0000078f  Clock_Delay1us                
0000077b  Clock_GetFreq                 
00000665  Clock_Init48MHz               
20000014  Crystalstable                 
00000cdb  DMA_ERR_IRQHandler            
00000cdb  DMA_INT0_IRQHandler           
00000cdb  DMA_INT1_IRQHandler           
00000cdb  DMA_INT2_IRQHandler           
00000cdb  DMA_INT3_IRQHandler           
00000cdb  DebugMon_Handler              
00000cdb  Default_Handler               
00000c9d  DisableInterrupts             
00000cdb  EUSCIA0_IRQHandler            
00000cdb  EUSCIA1_IRQHandler            
00000cdb  EUSCIA2_IRQHandler            
00000cdb  EUSCIA3_IRQHandler            
00000cdb  EUSCIB0_IRQHandler            
00000cdb  EUSCIB1_IRQHandler            
00000cdb  EUSCIB2_IRQHandler            
00000cdb  EUSCIB3_IRQHandler            
00000ca3  EnableInterrupts              
00000cb3  EndCritical                   
00000cdb  FLCTL_IRQHandler              
00000cdb  FPU_IRQHandler                
00000cdb  HardFault_Handler             
20000010  IFlags                        
000005d3  InterruptInit                 
00000cdb  MemManage_Handler             
00000cdb  NMI_Handler                   
00000cdb  PCM_IRQHandler                
00000cdb  PORT1_IRQHandler              
00000cdb  PORT2_IRQHandler              
00000cdb  PORT3_IRQHandler              
00000cdb  PORT4_IRQHandler              
00000845  PORT5_IRQHandler              
00000845  PORT5_IRQHandler              
00000cdb  PORT6_IRQHandler              
00000cdb  PSS_IRQHandler                
00000cdb  PendSV_Handler                
00000add  Port10_Init                   
00000a25  Port1_Init                    
00000a45  Port2_Init                    
00000a47  Port3_Init                    
00000a49  Port4_Init                    
00000a83  Port5_Init                    
00000ad5  Port6_Init                    
00000ad7  Port7_Init                    
00000ad9  Port8_Init                    
00000adb  Port9_Init                    
00000adf  PortJ_Init                    
2000000c  Postwait                      
20000004  Prewait                       
00000cdb  RTC_C_IRQHandler              
00000ccf  Reset_Handler                 
00000cdb  SVC_Handler                   
00000ca9  StartCritical                 
00000cdb  SysTick_Handler               
20000018  SystemCoreClock               
000000e5  SystemCoreClockUpdate         
0000035d  SystemInit                    
00000cdb  T32_INT1_IRQHandler           
00000cdb  T32_INT2_IRQHandler           
00000cdb  T32_INTC_IRQHandler           
00000cdb  TA0_0_IRQHandler              
00000cdb  TA0_N_IRQHandler              
00000cdb  TA1_0_IRQHandler              
00000cdb  TA1_N_IRQHandler              
00000cdb  TA2_0_IRQHandler              
00000cdb  TA2_N_IRQHandler              
00000cdb  TA3_0_IRQHandler              
00000cdb  TA3_N_IRQHandler              
00000cdb  UsageFault_Handler            
4000480c  WDTCTL_SYM                    
00000cdb  WDT_A_IRQHandler              
00000cbb  WaitForInterrupt              
20010000  __STACK_END                   
00000200  __STACK_SIZE                  
00000d00  __TI_CINIT_Base               
00000d08  __TI_CINIT_Limit              
00000cf8  __TI_Handler_Table_Base       
00000d00  __TI_Handler_Table_Limit      
00000c25  __TI_auto_init_nobinit_nopinit
00000bbd  __TI_decompress_lzss          
00000cc1  __TI_decompress_none          
ffffffff  __TI_pprof_out_hndl           
ffffffff  __TI_prof_data_size           
ffffffff  __TI_prof_data_start          
00000000  __TI_static_base__            
00000b21  __aeabi_memcpy                
00000b21  __aeabi_memcpy4               
00000b21  __aeabi_memcpy8               
ffffffff  __binit__                     
ffffffff  __c_args__                    
UNDEFED   __mpu_init                    
2000fe00  __stack                       
20000000  __start___llvm_prf_cnts       
20000000  __stop___llvm_prf_cnts        
00000c69  _c_int00_noargs               
UNDEFED   _system_post_cinit            
00000cdd  _system_pre_init              
00000ce1  abort                         
ffffffff  binit                         
00000547  body                          
00000781  delay                         
00000000  interruptVectors              
00000863  main                          
00000b21  memcpy                        
00000419  sholder                       
000004bb  thigh                         
2000001c  wasInterrupt                  


GLOBAL SYMBOLS: SORTED BY Symbol Address 

address   name                          
-------   ----                          
00000000  __TI_static_base__            
00000000  interruptVectors              
000000e5  SystemCoreClockUpdate         
00000200  __STACK_SIZE                  
0000035d  SystemInit                    
00000419  sholder                       
000004bb  thigh                         
00000547  body                          
000005d3  InterruptInit                 
00000665  Clock_Init48MHz               
0000077b  Clock_GetFreq                 
00000781  delay                         
0000078f  Clock_Delay1us                
000007b9  Clock_Delay1ms                
00000845  PORT5_IRQHandler              
00000845  PORT5_IRQHandler              
00000863  main                          
00000a25  Port1_Init                    
00000a45  Port2_Init                    
00000a47  Port3_Init                    
00000a49  Port4_Init                    
00000a83  Port5_Init                    
00000ad5  Port6_Init                    
00000ad7  Port7_Init                    
00000ad9  Port8_Init                    
00000adb  Port9_Init                    
00000add  Port10_Init                   
00000adf  PortJ_Init                    
00000b21  __aeabi_memcpy                
00000b21  __aeabi_memcpy4               
00000b21  __aeabi_memcpy8               
00000b21  memcpy                        
00000bbd  __TI_decompress_lzss          
00000c25  __TI_auto_init_nobinit_nopinit
00000c69  _c_int00_noargs               
00000c9d  DisableInterrupts             
00000ca3  EnableInterrupts              
00000ca9  StartCritical                 
00000cb3  EndCritical                   
00000cbb  WaitForInterrupt              
00000cc1  __TI_decompress_none          
00000ccf  Reset_Handler                 
00000cdb  ADC14_IRQHandler              
00000cdb  AES256_IRQHandler             
00000cdb  BusFault_Handler              
00000cdb  COMP_E0_IRQHandler            
00000cdb  COMP_E1_IRQHandler            
00000cdb  CS_IRQHandler                 
00000cdb  DMA_ERR_IRQHandler            
00000cdb  DMA_INT0_IRQHandler           
00000cdb  DMA_INT1_IRQHandler           
00000cdb  DMA_INT2_IRQHandler           
00000cdb  DMA_INT3_IRQHandler           
00000cdb  DebugMon_Handler              
00000cdb  Default_Handler               
00000cdb  EUSCIA0_IRQHandler            
00000cdb  EUSCIA1_IRQHandler            
00000cdb  EUSCIA2_IRQHandler            
00000cdb  EUSCIA3_IRQHandler            
00000cdb  EUSCIB0_IRQHandler            
00000cdb  EUSCIB1_IRQHandler            
00000cdb  EUSCIB2_IRQHandler            
00000cdb  EUSCIB3_IRQHandler            
00000cdb  FLCTL_IRQHandler              
00000cdb  FPU_IRQHandler                
00000cdb  HardFault_Handler             
00000cdb  MemManage_Handler             
00000cdb  NMI_Handler                   
00000cdb  PCM_IRQHandler                
00000cdb  PORT1_IRQHandler              
00000cdb  PORT2_IRQHandler              
00000cdb  PORT3_IRQHandler              
00000cdb  PORT4_IRQHandler              
00000cdb  PORT6_IRQHandler              
00000cdb  PSS_IRQHandler                
00000cdb  PendSV_Handler                
00000cdb  RTC_C_IRQHandler              
00000cdb  SVC_Handler                   
00000cdb  SysTick_Handler               
00000cdb  T32_INT1_IRQHandler           
00000cdb  T32_INT2_IRQHandler           
00000cdb  T32_INTC_IRQHandler           
00000cdb  TA0_0_IRQHandler              
00000cdb  TA0_N_IRQHandler              
00000cdb  TA1_0_IRQHandler              
00000cdb  TA1_N_IRQHandler              
00000cdb  TA2_0_IRQHandler              
00000cdb  TA2_N_IRQHandler              
00000cdb  TA3_0_IRQHandler              
00000cdb  TA3_N_IRQHandler              
00000cdb  UsageFault_Handler            
00000cdb  WDT_A_IRQHandler              
00000cdd  _system_pre_init              
00000ce1  C$$EXIT                       
00000ce1  abort                         
00000cf8  __TI_Handler_Table_Base       
00000d00  __TI_CINIT_Base               
00000d00  __TI_Handler_Table_Limit      
00000d08  __TI_CINIT_Limit              
20000000  ClockFrequency                
20000000  __start___llvm_prf_cnts       
20000000  __stop___llvm_prf_cnts        
20000004  Prewait                       
20000008  CPMwait                       
2000000c  Postwait                      
20000010  IFlags                        
20000014  Crystalstable                 
20000018  SystemCoreClock               
2000001c  wasInterrupt                  
2000fe00  __stack                       
20010000  __STACK_END                   
4000480c  WDTCTL_SYM                    
ffffffff  __TI_pprof_out_hndl           
ffffffff  __TI_prof_data_size           
ffffffff  __TI_prof_data_start          
ffffffff  __binit__                     
ffffffff  __c_args__                    
ffffffff  binit                         
UNDEFED   __mpu_init                    
UNDEFED   _system_post_cinit            

[120 symbols]
